// Vitest Snapshot v1, https://vitest.dev/guide/snapshot.html

exports[`IntroScreen > renders intro screen with player names 1`] = `
<div
  class="w-full h-screen bg-gradient-to-b from-slate-900 to-slate-800 flex items-center justify-center"
  data-testid="intro-screen"
>
  <div
    class="text-center"
  >
    <h1
      class="text-5xl font-bold text-white mb-8"
    >
      Shadowscapes
    </h1>
    <div
      class="flex items-center justify-center gap-8 mb-8"
    >
      <span
        class="text-2xl font-bold text-white"
      >
        Garrett
      </span>
      <span
        class="text-3xl text-gray-400 font-bold"
      >
        VS
      </span>
      <span
        class="text-2xl font-bold text-white"
      >
        Constantine
      </span>
    </div>
    <div
      class="text-xl text-yellow-400 font-semibold mb-8"
    >
      Constantine
       starts first
    </div>
  </div>
</div>
`;
